// Jest Snapshot v1, https://goo.gl/fbAQLP

exports[`Carousel when click on prev button, get previous slide 1`] = `
<DocumentFragment>
  <div>
    <div>
      <div>
        <div
          class="carousel"
        >
          <div
            class="carousel-image"
          >
            <img
              alt=""
              id="image-1"
              src="test-file-stub"
              style="width: 100%; height: 400px;"
            />
          </div>
          <div
            class="carousel-controls"
          >
            <div
              class="circle"
            >
              <div
                class="text"
              >
                prev
              </div>
            </div>
            <div
              class="circle"
            >
              <div
                class="text"
              >
                next
              </div>
            </div>
          </div>
        </div>
      </div>
    </div>
    <div />
  </div>
</DocumentFragment>
`;
